// Jest Snapshot v1, https://goo.gl/fbAQLP

exports[`Testing <FromCreateNew /> should create correctly the component 1`] = `
<Form
  id="form"
  onSubmit={[Function]}
>
  <FormGroup
    className="mb-3"
    controlId="formBasicEmail"
  >
    <FormLabel
      column={false}
      visuallyHidden={false}
    >
      Title
    </FormLabel>
    <FormControl
      onChange={[Function]}
      placeholder="Title"
      required={true}
      type="text"
      value=""
    />
  </FormGroup>
  <FormGroup
    className="mb-3"
    controlId="description"
  >
    <FormLabel
      column={false}
      visuallyHidden={false}
    >
      Description
    </FormLabel>
    <FormControl
      onChange={[Function]}
      placeholder="Description"
      required={true}
      type="text"
      value=""
    />
  </FormGroup>
  <FormGroup
    className="mb-3"
    controlId="content"
  >
    <FormLabel
      column={false}
      visuallyHidden={false}
    >
      Content
    </FormLabel>
    <FormControl
      as="textarea"
      onChange={[Function]}
      placeholder="Content"
      required={true}
      value=""
    />
  </FormGroup>
  <FormGroup
    className="mb-3"
    controlId="author"
  >
    <FormLabel
      column={false}
      visuallyHidden={false}
    >
      Author
    </FormLabel>
    <FormControl
      onChange={[Function]}
      placeholder="Author"
      required={true}
      type="text"
      value=""
    />
  </FormGroup>
  <Button
    active={false}
    className="px-5"
    disabled={false}
    type="submit"
    variant="dark"
  >
    Save
  </Button>
</Form>
`;
